[2026-03-15 16:45:40] [INFO] [AssistantGlasses.navigation_module.core.nav_controller] - 初始化核心控制器...
[2026-03-15 16:45:40] [WARNING] [config.config_loader] - 正在使用 YAML 中的明文 API Key, 建议改用环境变量配置。
[2026-03-15 16:45:40] [INFO] [config.config_loader] - 系统配置文件加载成功
[2026-03-15 16:51:04] [INFO] [AssistantGlasses.navigation_module.core.nav_controller] - 初始化核心控制器...
[2026-03-15 16:51:04] [WARNING] [config.config_loader] - 正在使用 YAML 中的明文 API Key, 建议改用环境变量配置。
[2026-03-15 16:51:04] [INFO] [config.config_loader] - 系统配置文件加载成功
[2026-03-15 16:51:04] [INFO] [sensors.gnss.serial_reader] - 成功连接至 GNSS 模块: COM4 @ 38400bps
[2026-03-15 16:51:08] [WARNING] [config.config_loader] - 正在使用 YAML 中的明文 API Key, 建议改用环境变量配置。
[2026-03-15 16:51:08] [INFO] [config.config_loader] - 系统配置文件加载成功
[2026-03-15 16:51:08] [WARNING] [config.config_loader] - 正在使用 YAML 中的明文 API Key, 建议改用环境变量配置。
[2026-03-15 16:51:08] [INFO] [config.config_loader] - 系统配置文件加载成功
[2026-03-15 16:51:08] [INFO] [AssistantGlasses.navigation_module.core.nav_controller] - 导航后台线程已启动
[2026-03-15 16:53:04] [INFO] [AssistantGlasses.navigation_module.core.nav_controller] - 初始化核心控制器...
[2026-03-15 16:53:04] [WARNING] [config.config_loader] - 正在使用 YAML 中的明文 API Key, 建议改用环境变量配置。
[2026-03-15 16:53:04] [INFO] [config.config_loader] - 系统配置文件加载成功
[2026-03-15 16:53:04] [INFO] [sensors.gnss.serial_reader] - 成功连接至 GNSS 模块: COM4 @ 38400bps
[2026-03-15 16:53:04] [WARNING] [config.config_loader] - 正在使用 YAML 中的明文 API Key, 建议改用环境变量配置。
[2026-03-15 16:53:04] [INFO] [config.config_loader] - 系统配置文件加载成功
[2026-03-15 16:53:04] [WARNING] [config.config_loader] - 正在使用 YAML 中的明文 API Key, 建议改用环境变量配置。
[2026-03-15 16:53:04] [INFO] [config.config_loader] - 系统配置文件加载成功
[2026-03-15 16:53:04] [INFO] [AssistantGlasses.navigation_module.core.nav_controller] - 导航后台线程已启动
[2026-03-15 16:53:08] [INFO] [algo.fusion.linear_kalman] - 卡尔曼滤波器已初始化: 投影原点 (116.165794, 39.728950)
[2026-03-15 16:54:11] [INFO] [AssistantGlasses.navigation_module.core.nav_controller] - 初始化核心控制器...
[2026-03-15 16:54:11] [WARNING] [config.config_loader] - 正在使用 YAML 中的明文 API Key, 建议改用环境变量配置。
[2026-03-15 16:54:11] [INFO] [config.config_loader] - 系统配置文件加载成功
[2026-03-15 16:54:11] [INFO] [sensors.gnss.serial_reader] - 成功连接至 GNSS 模块: COM4 @ 38400bps
[2026-03-15 16:54:11] [WARNING] [config.config_loader] - 正在使用 YAML 中的明文 API Key, 建议改用环境变量配置。
[2026-03-15 16:54:11] [INFO] [config.config_loader] - 系统配置文件加载成功
[2026-03-15 16:54:11] [WARNING] [config.config_loader] - 正在使用 YAML 中的明文 API Key, 建议改用环境变量配置。
[2026-03-15 16:54:11] [INFO] [config.config_loader] - 系统配置文件加载成功
[2026-03-15 16:54:15] [INFO] [AssistantGlasses.navigation_module.core.nav_controller] - 导航后台线程已启动
[2026-03-15 16:54:15] [INFO] [algo.fusion.linear_kalman] - 卡尔曼滤波器已初始化: 投影原点 (116.165788, 39.728943)
[2026-03-15 16:54:15] [INFO] [AssistantGlasses.navigation_module.core.nav_controller] - 状态切换 -> PLANNING: 目标 广阳城公园
[2026-03-15 16:54:15] [INFO] [AssistantGlasses.navigation_module.core.nav_controller] - 开始向高德云端请求 '广阳城公园' 的位置和路线...
[2026-03-15 16:54:16] [WARNING] [services.amap_provider] - 无法找到地址 '广阳城公园' 的坐标: INVALID_USER_KEY
[2026-03-15 16:54:16] [ERROR] [AssistantGlasses.navigation_module.core.nav_controller] - 找不到 '广阳城公园' 的位置
[2026-03-15 16:55:24] [INFO] [AssistantGlasses.navigation_module.core.nav_controller] - 初始化核心控制器...
[2026-03-15 16:55:24] [WARNING] [config.config_loader] - 正在使用 YAML 中的明文 API Key, 建议改用环境变量配置。
[2026-03-15 16:55:24] [INFO] [config.config_loader] - 系统配置文件加载成功
[2026-03-15 16:55:24] [INFO] [sensors.gnss.serial_reader] - 成功连接至 GNSS 模块: COM4 @ 38400bps
[2026-03-15 16:55:24] [WARNING] [config.config_loader] - 正在使用 YAML 中的明文 API Key, 建议改用环境变量配置。
[2026-03-15 16:55:24] [INFO] [config.config_loader] - 系统配置文件加载成功
[2026-03-15 16:55:24] [WARNING] [config.config_loader] - 正在使用 YAML 中的明文 API Key, 建议改用环境变量配置。
[2026-03-15 16:55:24] [INFO] [config.config_loader] - 系统配置文件加载成功
[2026-03-15 16:55:24] [INFO] [AssistantGlasses.navigation_module.core.nav_controller] - 导航后台线程已启动
[2026-03-15 16:55:28] [INFO] [algo.fusion.linear_kalman] - 卡尔曼滤波器已初始化: 投影原点 (116.165724, 39.728961)
[2026-03-15 16:55:28] [INFO] [AssistantGlasses.navigation_module.core.nav_controller] - 状态切换 -> PLANNING: 目标 良乡大学城北地铁站
[2026-03-15 16:55:28] [INFO] [AssistantGlasses.navigation_module.core.nav_controller] - 开始向高德云端请求 '良乡大学城北地铁站' 的位置和路线...
[2026-03-15 16:55:29] [WARNING] [services.amap_provider] - 无法找到地址 '良乡大学城北地铁站' 的坐标: INVALID_USER_KEY
[2026-03-15 16:55:29] [ERROR] [AssistantGlasses.navigation_module.core.nav_controller] - 找不到 '良乡大学城北地铁站' 的位置
[2026-03-15 16:57:57] [INFO] [AssistantGlasses.navigation_module.core.nav_controller] - 初始化核心控制器...
[2026-03-15 16:57:57] [WARNING] [config.config_loader] - 正在使用 YAML 中的明文 API Key, 建议改用环境变量配置。
[2026-03-15 16:57:57] [INFO] [config.config_loader] - 系统配置文件加载成功
[2026-03-15 16:57:57] [INFO] [sensors.gnss.serial_reader] - 成功连接至 GNSS 模块: COM4 @ 38400bps
[2026-03-15 16:57:57] [WARNING] [config.config_loader] - 正在使用 YAML 中的明文 API Key, 建议改用环境变量配置。
[2026-03-15 16:57:57] [INFO] [config.config_loader] - 系统配置文件加载成功
[2026-03-15 16:57:57] [WARNING] [config.config_loader] - 正在使用 YAML 中的明文 API Key, 建议改用环境变量配置。
[2026-03-15 16:57:57] [INFO] [config.config_loader] - 系统配置文件加载成功
[2026-03-15 16:57:57] [INFO] [AssistantGlasses.navigation_module.core.nav_controller] - 导航后台线程已启动
[2026-03-15 16:58:01] [INFO] [AssistantGlasses.navigation_module.core.nav_controller] - 状态切换 -> PLANNING: 目标 良乡大学城北地铁站
[2026-03-15 16:58:01] [INFO] [AssistantGlasses.navigation_module.core.nav_controller] - 开始向高德云端请求 '良乡大学城北地铁站' 的位置和路线...
[2026-03-15 16:58:02] [WARNING] [services.amap_provider] - 无法找到地址 '良乡大学城北地铁站' 的坐标: INVALID_USER_KEY
[2026-03-15 16:58:02] [ERROR] [AssistantGlasses.navigation_module.core.nav_controller] - 找不到 '良乡大学城北地铁站' 的位置
[2026-03-15 16:58:02] [INFO] [algo.fusion.linear_kalman] - 卡尔曼滤波器已初始化: 投影原点 (116.165683, 39.728963)
[2026-03-15 16:58:37] [INFO] [AssistantGlasses.navigation_module.core.nav_controller] - 状态切换 -> PLANNING: 目标 良乡大学城北地铁站
[2026-03-15 16:58:37] [INFO] [AssistantGlasses.navigation_module.core.nav_controller] - 开始向高德云端请求 '良乡大学城北地铁站' 的位置和路线...
[2026-03-15 16:58:37] [WARNING] [services.amap_provider] - 无法找到地址 '良乡大学城北地铁站' 的坐标: INVALID_USER_KEY
[2026-03-15 16:58:37] [ERROR] [AssistantGlasses.navigation_module.core.nav_controller] - 找不到 '良乡大学城北地铁站' 的位置
[2026-03-15 17:05:06] [INFO] [AssistantGlasses.navigation_module.core.nav_controller] - 初始化核心控制器...
[2026-03-15 17:05:06] [WARNING] [config.config_loader] - 正在使用 YAML 中的明文 API Key, 建议改用环境变量配置。
[2026-03-15 17:05:06] [INFO] [config.config_loader] - 系统配置文件加载成功
[2026-03-15 17:05:06] [INFO] [sensors.gnss.serial_reader] - 成功连接至 GNSS 模块: COM4 @ 38400bps
[2026-03-15 17:05:06] [WARNING] [config.config_loader] - 正在使用 YAML 中的明文 API Key, 建议改用环境变量配置。
[2026-03-15 17:05:06] [INFO] [config.config_loader] - 系统配置文件加载成功
[2026-03-15 17:05:06] [WARNING] [config.config_loader] - 正在使用 YAML 中的明文 API Key, 建议改用环境变量配置。
[2026-03-15 17:05:06] [INFO] [config.config_loader] - 系统配置文件加载成功
[2026-03-15 17:05:06] [INFO] [AssistantGlasses.navigation_module.core.nav_controller] - 导航后台线程已启动
[2026-03-15 17:05:07] [INFO] [algo.fusion.linear_kalman] - 卡尔曼滤波器已初始化: 投影原点 (116.165653, 39.728966)
[2026-03-15 17:05:16] [INFO] [AssistantGlasses.navigation_module.core.nav_controller] - 状态切换 -> PLANNING: 目标 良乡大学城北地铁站
[2026-03-15 17:05:16] [INFO] [AssistantGlasses.navigation_module.core.nav_controller] - 开始向高德云端请求 '良乡大学城北地铁站' 的位置和路线...
[2026-03-15 17:06:29] [INFO] [AssistantGlasses.navigation_module.core.nav_controller] - 初始化核心控制器...
[2026-03-15 17:06:29] [WARNING] [config.config_loader] - 正在使用 YAML 中的明文 API Key, 建议改用环境变量配置。
[2026-03-15 17:06:29] [INFO] [config.config_loader] - 系统配置文件加载成功
[2026-03-15 17:06:29] [INFO] [sensors.gnss.serial_reader] - 成功连接至 GNSS 模块: COM4 @ 38400bps
[2026-03-15 17:06:29] [WARNING] [config.config_loader] - 正在使用 YAML 中的明文 API Key, 建议改用环境变量配置。
[2026-03-15 17:06:29] [INFO] [config.config_loader] - 系统配置文件加载成功
[2026-03-15 17:06:29] [WARNING] [config.config_loader] - 正在使用 YAML 中的明文 API Key, 建议改用环境变量配置。
[2026-03-15 17:06:29] [INFO] [config.config_loader] - 系统配置文件加载成功
[2026-03-15 17:06:29] [INFO] [AssistantGlasses.navigation_module.core.nav_controller] - 导航后台线程已启动
[2026-03-15 17:06:30] [INFO] [algo.fusion.linear_kalman] - 卡尔曼滤波器已初始化: 投影原点 (116.165643, 39.728990)
[2026-03-15 17:06:40] [INFO] [AssistantGlasses.navigation_module.core.nav_controller] - 状态切换 -> PLANNING: 目标 良乡大学城北地铁站
[2026-03-15 17:06:40] [INFO] [AssistantGlasses.navigation_module.core.nav_controller] - 开始向高德云端请求 '良乡大学城北地铁站' 的位置和路线...
[2026-03-15 17:06:44] [WARNING] [services.amap_provider] - 无法找到地址 '良乡大学城北地铁站' 的坐标: INVALID_USER_KEY
[2026-03-15 17:06:44] [ERROR] [AssistantGlasses.navigation_module.core.nav_controller] - 找不到 '良乡大学城北地铁站' 的位置
[2026-03-15 17:10:15] [INFO] [AssistantGlasses.navigation_module.core.nav_controller] - 初始化核心控制器...
[2026-03-15 17:10:15] [INFO] [config.config_loader] - 已安全从环境变量加载高德地图 API Key
[2026-03-15 17:10:15] [INFO] [config.config_loader] - 系统配置文件加载成功
[2026-03-15 17:10:15] [INFO] [sensors.gnss.serial_reader] - 成功连接至 GNSS 模块: COM4 @ 38400bps
[2026-03-15 17:10:15] [INFO] [config.config_loader] - 已安全从环境变量加载高德地图 API Key
[2026-03-15 17:10:15] [INFO] [config.config_loader] - 系统配置文件加载成功
[2026-03-15 17:10:15] [INFO] [config.config_loader] - 已安全从环境变量加载高德地图 API Key
[2026-03-15 17:10:15] [INFO] [config.config_loader] - 系统配置文件加载成功
[2026-03-15 17:10:15] [INFO] [AssistantGlasses.navigation_module.core.nav_controller] - 导航后台线程已启动
[2026-03-15 17:10:16] [INFO] [algo.fusion.linear_kalman] - 卡尔曼滤波器已初始化: 投影原点 (116.165673, 39.728981)
[2026-03-15 17:10:34] [INFO] [AssistantGlasses.navigation_module.core.nav_controller] - 状态切换 -> PLANNING: 目标 良乡大学城北地铁站
[2026-03-15 17:10:34] [INFO] [AssistantGlasses.navigation_module.core.nav_controller] - 开始向高德云端请求 '良乡大学城北地铁站' 的位置和路线...
[2026-03-15 17:10:39] [INFO] [AssistantGlasses.navigation_module.core.nav_controller] - 路线获取成功, 总距离 1563 米
[2026-03-15 17:10:39] [INFO] [AssistantGlasses.navigation_module.core.nav_controller] - 状态切换 -> NAVIGATING
[2026-03-15 17:13:40] [ERROR] [sensors.gnss.serial_reader] - 读取数据时串口断开: ClearCommError failed (OSError(9, '句柄无效。', None, 6))
[2026-03-15 17:13:40] [INFO] [sensors.gnss.serial_reader] - 串口已安全关闭
[2026-03-15 17:13:40] [INFO] [AssistantGlasses.navigation_module.core.nav_controller] - 控制器已安全释放资源
[2026-03-15 17:13:40] [INFO] [AssistantGlasses.navigation_module.core.nav_controller] - 导航中途收到新指令，正在中断当前导航...
[2026-03-15 17:13:40] [INFO] [AssistantGlasses.navigation_module.core.nav_controller] - 接收到中止信号，保持 IDLE 状态
[2026-03-15 17:17:06] [INFO] [AssistantGlasses.navigation_module.core.nav_controller] - 初始化核心控制器...
[2026-03-15 17:17:06] [INFO] [config.config_loader] - 已安全从环境变量加载高德地图 API Key
[2026-03-15 17:17:06] [INFO] [config.config_loader] - 系统配置文件加载成功
[2026-03-15 17:17:06] [INFO] [sensors.gnss.serial_reader] - 成功连接至 GNSS 模块: COM4 @ 38400bps
[2026-03-15 17:17:06] [INFO] [config.config_loader] - 已安全从环境变量加载高德地图 API Key
[2026-03-15 17:17:06] [INFO] [config.config_loader] - 系统配置文件加载成功
[2026-03-15 17:17:06] [INFO] [config.config_loader] - 已安全从环境变量加载高德地图 API Key
[2026-03-15 17:17:06] [INFO] [config.config_loader] - 系统配置文件加载成功
[2026-03-15 17:17:06] [INFO] [AssistantGlasses.navigation_module.core.nav_controller] - 导航后台线程已启动
[2026-03-15 17:17:07] [INFO] [algo.fusion.linear_kalman] - 卡尔曼滤波器已初始化: 投影原点 (116.165598, 39.729279)
[2026-03-15 17:17:17] [INFO] [AssistantGlasses.navigation_module.core.nav_controller] - 状态切换 -> PLANNING: 目标 广阳城公园
[2026-03-15 17:17:17] [INFO] [AssistantGlasses.navigation_module.core.nav_controller] - 开始向高德云端请求 '广阳城公园' 的位置和路线...
[2026-03-15 17:17:22] [INFO] [AssistantGlasses.navigation_module.core.nav_controller] - 路线获取成功, 总距离 3268 米
[2026-03-15 17:17:22] [INFO] [AssistantGlasses.navigation_module.core.nav_controller] - 状态切换 -> NAVIGATING
[2026-03-15 17:24:16] [ERROR] [sensors.gnss.serial_reader] - 读取数据时串口断开: ClearCommError failed (OSError(9, '句柄无效。', None, 6))
[2026-03-15 17:24:16] [INFO] [sensors.gnss.serial_reader] - 串口已安全关闭
[2026-03-15 17:24:16] [INFO] [AssistantGlasses.navigation_module.core.nav_controller] - 控制器已安全释放资源
[2026-03-15 17:24:16] [INFO] [AssistantGlasses.navigation_module.core.nav_controller] - 导航中途收到新指令，正在中断当前导航...
[2026-03-15 17:24:16] [INFO] [AssistantGlasses.navigation_module.core.nav_controller] - 接收到中止信号，保持 IDLE 状态
[2026-03-15 17:30:04] [INFO] [AssistantGlasses.navigation_module.core.nav_controller] - 初始化核心控制器...
[2026-03-15 17:30:04] [INFO] [config.config_loader] - 已安全从环境变量加载高德地图 API Key
[2026-03-15 17:30:04] [INFO] [config.config_loader] - 系统配置文件加载成功
[2026-03-15 17:30:04] [INFO] [sensors.gnss.serial_reader] - 成功连接至 GNSS 模块: COM4 @ 38400bps
[2026-03-15 17:30:04] [INFO] [config.config_loader] - 已安全从环境变量加载高德地图 API Key
[2026-03-15 17:30:04] [INFO] [config.config_loader] - 系统配置文件加载成功
[2026-03-15 17:30:04] [INFO] [config.config_loader] - 已安全从环境变量加载高德地图 API Key
[2026-03-15 17:30:04] [INFO] [config.config_loader] - 系统配置文件加载成功
[2026-03-15 17:30:04] [INFO] [AssistantGlasses.navigation_module.core.nav_controller] - 导航后台线程已启动
[2026-03-15 17:30:05] [INFO] [algo.fusion.linear_kalman] - 卡尔曼滤波器已初始化: 投影原点 (116.164136, 39.729426)
[2026-03-15 17:30:15] [INFO] [AssistantGlasses.navigation_module.core.nav_controller] - 状态切换 -> PLANNING: 目标 广阳城公园
[2026-03-15 17:30:15] [INFO] [AssistantGlasses.navigation_module.core.nav_controller] - 开始向高德云端请求 '广阳城公园' 的位置和路线...
[2026-03-15 17:30:20] [INFO] [AssistantGlasses.navigation_module.core.nav_controller] - 路线获取成功, 总距离 3144 米
[2026-03-15 17:30:20] [INFO] [AssistantGlasses.navigation_module.core.nav_controller] - 状态切换 -> NAVIGATING
[2026-03-15 17:30:54] [ERROR] [sensors.gnss.serial_reader] - 读取数据时串口断开: ClearCommError failed (OSError(9, '句柄无效。', None, 6))
[2026-03-15 17:30:54] [INFO] [sensors.gnss.serial_reader] - 串口已安全关闭
[2026-03-15 17:30:54] [INFO] [AssistantGlasses.navigation_module.core.nav_controller] - 控制器已安全释放资源
[2026-03-15 17:30:54] [INFO] [AssistantGlasses.navigation_module.core.nav_controller] - 导航中途收到新指令，正在中断当前导航...
[2026-03-15 17:30:54] [INFO] [AssistantGlasses.navigation_module.core.nav_controller] - 接收到中止信号，保持 IDLE 状态
[2026-03-15 17:31:46] [INFO] [AssistantGlasses.navigation_module.core.nav_controller] - 初始化核心控制器...
[2026-03-15 17:31:46] [INFO] [config.config_loader] - 已安全从环境变量加载高德地图 API Key
[2026-03-15 17:31:46] [INFO] [config.config_loader] - 系统配置文件加载成功
[2026-03-15 17:31:46] [INFO] [sensors.gnss.serial_reader] - 成功连接至 GNSS 模块: COM4 @ 38400bps
[2026-03-15 17:31:46] [INFO] [config.config_loader] - 已安全从环境变量加载高德地图 API Key
[2026-03-15 17:31:46] [INFO] [config.config_loader] - 系统配置文件加载成功
[2026-03-15 17:31:46] [INFO] [config.config_loader] - 已安全从环境变量加载高德地图 API Key
[2026-03-15 17:31:46] [INFO] [config.config_loader] - 系统配置文件加载成功
[2026-03-15 17:31:46] [INFO] [AssistantGlasses.navigation_module.core.nav_controller] - 导航后台线程已启动
[2026-03-15 17:31:46] [INFO] [algo.fusion.linear_kalman] - 卡尔曼滤波器已初始化: 投影原点 (116.164120, 39.729414)
[2026-03-15 17:31:56] [INFO] [AssistantGlasses.navigation_module.core.nav_controller] - 状态切换 -> PLANNING: 目标 良乡大学城北地铁站
[2026-03-15 17:31:56] [INFO] [AssistantGlasses.navigation_module.core.nav_controller] - 开始向高德云端请求 '良乡大学城北地铁站' 的位置和路线...
[2026-03-15 17:32:02] [INFO] [AssistantGlasses.navigation_module.core.nav_controller] - 路线获取成功, 总距离 1337 米
[2026-03-15 17:32:02] [INFO] [AssistantGlasses.navigation_module.core.nav_controller] - 状态切换 -> NAVIGATING
[2026-03-15 17:38:41] [ERROR] [sensors.gnss.serial_reader] - 读取数据时串口断开: ClearCommError failed (OSError(9, '句柄无效。', None, 6))
[2026-03-15 17:38:41] [INFO] [sensors.gnss.serial_reader] - 串口已安全关闭
[2026-03-15 17:38:41] [INFO] [AssistantGlasses.navigation_module.core.nav_controller] - 控制器已安全释放资源
[2026-03-15 17:38:41] [INFO] [AssistantGlasses.navigation_module.core.nav_controller] - 导航中途收到新指令，正在中断当前导航...
[2026-03-15 17:38:41] [INFO] [AssistantGlasses.navigation_module.core.nav_controller] - 接收到中止信号，保持 IDLE 状态
[2026-03-15 17:38:56] [INFO] [AssistantGlasses.navigation_module.core.nav_controller] - 状态切换 -> PLANNING: 目标 良乡大学城北地铁站
[2026-03-15 17:38:56] [INFO] [AssistantGlasses.navigation_module.core.nav_controller] - 开始向高德云端请求 '良乡大学城北地铁站' 的位置和路线...
[2026-03-15 17:38:58] [INFO] [AssistantGlasses.navigation_module.core.nav_controller] - 路线获取成功, 总距离 1607 米
[2026-03-15 17:38:58] [INFO] [AssistantGlasses.navigation_module.core.nav_controller] - 状态切换 -> NAVIGATING
[2026-03-15 17:41:38] [INFO] [AssistantGlasses.navigation_module.core.nav_controller] - 控制器已安全释放资源
[2026-03-15 17:41:38] [INFO] [AssistantGlasses.navigation_module.core.nav_controller] - 导航中途收到新指令，正在中断当前导航...
[2026-03-15 17:41:38] [INFO] [AssistantGlasses.navigation_module.core.nav_controller] - 接收到中止信号，保持 IDLE 状态
[2026-03-15 17:44:07] [INFO] [AssistantGlasses.navigation_module.core.nav_controller] - 初始化核心控制器...
[2026-03-15 17:44:07] [INFO] [config.config_loader] - 已安全从环境变量加载高德地图 API Key
[2026-03-15 17:44:07] [INFO] [config.config_loader] - 系统配置文件加载成功
[2026-03-15 17:44:07] [INFO] [sensors.gnss.serial_reader] - 成功连接至 GNSS 模块: COM4 @ 38400bps
[2026-03-15 17:44:07] [INFO] [config.config_loader] - 已安全从环境变量加载高德地图 API Key
[2026-03-15 17:44:07] [INFO] [config.config_loader] - 系统配置文件加载成功
[2026-03-15 17:44:07] [INFO] [config.config_loader] - 已安全从环境变量加载高德地图 API Key
[2026-03-15 17:44:07] [INFO] [config.config_loader] - 系统配置文件加载成功
[2026-03-15 17:44:07] [INFO] [AssistantGlasses.navigation_module.core.nav_controller] - 导航后台线程已启动
[2026-03-15 17:44:08] [INFO] [algo.fusion.linear_kalman] - 卡尔曼滤波器已初始化: 投影原点 (116.167851, 39.729515)
[2026-03-15 17:44:16] [INFO] [AssistantGlasses.navigation_module.core.nav_controller] - 状态切换 -> PLANNING: 目标 良乡大学城西地铁站
[2026-03-15 17:44:16] [INFO] [AssistantGlasses.navigation_module.core.nav_controller] - 开始向高德云端请求 '良乡大学城西地铁站' 的位置和路线...
[2026-03-15 17:44:21] [INFO] [AssistantGlasses.navigation_module.core.nav_controller] - 路线获取成功, 总距离 2378 米
[2026-03-15 17:44:21] [INFO] [AssistantGlasses.navigation_module.core.nav_controller] - 状态切换 -> NAVIGATING
[2026-03-15 17:46:24] [INFO] [AssistantGlasses.navigation_module.core.nav_controller] - 初始化核心控制器...
[2026-03-15 17:46:24] [INFO] [config.config_loader] - 已安全从环境变量加载高德地图 API Key
[2026-03-15 17:46:24] [INFO] [config.config_loader] - 系统配置文件加载成功
[2026-03-15 17:46:24] [INFO] [sensors.gnss.serial_reader] - 成功连接至 GNSS 模块: COM4 @ 38400bps
[2026-03-15 17:46:24] [INFO] [config.config_loader] - 已安全从环境变量加载高德地图 API Key
[2026-03-15 17:46:24] [INFO] [config.config_loader] - 系统配置文件加载成功
[2026-03-15 17:46:24] [INFO] [config.config_loader] - 已安全从环境变量加载高德地图 API Key
[2026-03-15 17:46:24] [INFO] [config.config_loader] - 系统配置文件加载成功
[2026-03-15 17:46:24] [INFO] [AssistantGlasses.navigation_module.core.nav_controller] - 导航后台线程已启动
[2026-03-15 17:46:25] [INFO] [algo.fusion.linear_kalman] - 卡尔曼滤波器已初始化: 投影原点 (116.167835, 39.729514)
[2026-03-15 17:46:38] [INFO] [AssistantGlasses.navigation_module.core.nav_controller] - 状态切换 -> PLANNING: 目标 良乡大学城西地铁站
[2026-03-15 17:46:38] [INFO] [AssistantGlasses.navigation_module.core.nav_controller] - 开始向高德云端请求 '良乡大学城西地铁站' 的位置和路线...
[2026-03-15 17:46:43] [INFO] [AssistantGlasses.navigation_module.core.nav_controller] - 路线获取成功, 总距离 2377 米
[2026-03-15 17:46:43] [INFO] [AssistantGlasses.navigation_module.core.nav_controller] - 状态切换 -> NAVIGATING
[2026-03-15 17:49:59] [ERROR] [sensors.gnss.serial_reader] - 读取数据时串口断开: ClearCommError failed (OSError(9, '句柄无效。', None, 6))
[2026-03-15 17:49:59] [INFO] [sensors.gnss.serial_reader] - 串口已安全关闭
[2026-03-15 17:49:59] [INFO] [AssistantGlasses.navigation_module.core.nav_controller] - 控制器已安全释放资源
[2026-03-15 17:49:59] [INFO] [AssistantGlasses.navigation_module.core.nav_controller] - 导航中途收到新指令，正在中断当前导航...
[2026-03-15 17:49:59] [INFO] [AssistantGlasses.navigation_module.core.nav_controller] - 接收到中止信号，保持 IDLE 状态
[2026-03-15 17:50:36] [INFO] [AssistantGlasses.navigation_module.core.nav_controller] - 状态切换 -> PLANNING: 目标 良乡大学城西地铁站
[2026-03-15 17:50:36] [INFO] [AssistantGlasses.navigation_module.core.nav_controller] - 开始向高德云端请求 '良乡大学城西地铁站' 的位置和路线...
[2026-03-15 17:50:38] [INFO] [AssistantGlasses.navigation_module.core.nav_controller] - 路线获取成功, 总距离 2298 米
[2026-03-15 17:50:38] [INFO] [AssistantGlasses.navigation_module.core.nav_controller] - 状态切换 -> NAVIGATING
[2026-03-15 17:52:06] [INFO] [AssistantGlasses.navigation_module.core.nav_controller] - 导航中途收到新指令，正在中断当前导航...
[2026-03-15 17:52:06] [INFO] [AssistantGlasses.navigation_module.core.nav_controller] - 状态切换 -> PLANNING: 目标 故宫
[2026-03-15 17:52:06] [INFO] [AssistantGlasses.navigation_module.core.nav_controller] - 开始向高德云端请求 '故宫' 的位置和路线...
[2026-03-15 17:52:08] [INFO] [AssistantGlasses.navigation_module.core.nav_controller] - 路线获取成功, 总距离 35183 米
[2026-03-15 17:52:08] [INFO] [AssistantGlasses.navigation_module.core.nav_controller] - 状态切换 -> NAVIGATING
[2026-03-15 17:52:33] [INFO] [AssistantGlasses.navigation_module.core.nav_controller] - 导航中途收到新指令，正在中断当前导航...
[2026-03-15 17:52:33] [INFO] [AssistantGlasses.navigation_module.core.nav_controller] - 状态切换 -> PLANNING: 目标 良乡大学城西地铁站
[2026-03-15 17:52:33] [INFO] [AssistantGlasses.navigation_module.core.nav_controller] - 开始向高德云端请求 '良乡大学城西地铁站' 的位置和路线...
[2026-03-15 17:52:34] [INFO] [AssistantGlasses.navigation_module.core.nav_controller] - 路线获取成功, 总距离 2298 米
[2026-03-15 17:52:34] [INFO] [AssistantGlasses.navigation_module.core.nav_controller] - 状态切换 -> NAVIGATING
[2026-03-15 17:56:37] [INFO] [AssistantGlasses.navigation_module.core.nav_controller] - 控制器已安全释放资源
[2026-03-15 17:56:37] [INFO] [AssistantGlasses.navigation_module.core.nav_controller] - 导航中途收到新指令，正在中断当前导航...
[2026-03-15 17:56:37] [INFO] [AssistantGlasses.navigation_module.core.nav_controller] - 接收到中止信号，保持 IDLE 状态
[2026-03-15 17:56:56] [INFO] [AssistantGlasses.navigation_module.core.nav_controller] - 状态切换 -> PLANNING: 目标 良乡大学城西地铁站
[2026-03-15 17:56:56] [INFO] [AssistantGlasses.navigation_module.core.nav_controller] - 开始向高德云端请求 '良乡大学城西地铁站' 的位置和路线...
[2026-03-15 17:56:58] [INFO] [AssistantGlasses.navigation_module.core.nav_controller] - 路线获取成功, 总距离 2298 米
[2026-03-15 17:56:58] [INFO] [AssistantGlasses.navigation_module.core.nav_controller] - 状态切换 -> NAVIGATING
[2026-05-20 15:47:24] [INFO] [AssistantGlasses.navigation_module.core.nav_controller] - 初始化核心控制器...
[2026-05-20 15:47:24] [INFO] [config.config_loader] - 已安全从环境变量加载高德地图 API Key
[2026-05-20 15:47:24] [INFO] [config.config_loader] - 系统配置文件加载成功
[2026-05-20 15:47:24] [ERROR] [sensors.gnss.serial_reader] - 无法打开串口 COM4
[2026-05-20 15:47:24] [INFO] [config.config_loader] - 已安全从环境变量加载高德地图 API Key
[2026-05-20 15:47:24] [INFO] [config.config_loader] - 系统配置文件加载成功
[2026-05-20 15:47:24] [INFO] [config.config_loader] - 已安全从环境变量加载高德地图 API Key
[2026-05-20 15:47:24] [INFO] [config.config_loader] - 系统配置文件加载成功
[2026-05-20 15:47:24] [INFO] [AssistantGlasses.navigation_module.core.nav_controller] - 导航后台线程已启动
[2026-05-20 15:53:42] [INFO] [AssistantGlasses.navigation_module.core.nav_controller] - 初始化核心控制器...
[2026-05-20 15:53:42] [INFO] [config.config_loader] - 已安全从环境变量加载高德地图 API Key
[2026-05-20 15:53:42] [INFO] [config.config_loader] - 系统配置文件加载成功
[2026-05-20 15:53:42] [ERROR] [sensors.gnss.serial_reader] - 无法打开串口 COM4
[2026-05-20 15:53:42] [INFO] [config.config_loader] - 已安全从环境变量加载高德地图 API Key
[2026-05-20 15:53:42] [INFO] [config.config_loader] - 系统配置文件加载成功
[2026-05-20 15:53:42] [INFO] [config.config_loader] - 已安全从环境变量加载高德地图 API Key
[2026-05-20 15:53:42] [INFO] [config.config_loader] - 系统配置文件加载成功
[2026-05-20 15:53:42] [INFO] [AssistantGlasses.navigation_module.core.nav_controller] - 导航后台线程已启动
[2026-05-20 15:55:52] [INFO] [AssistantGlasses.navigation_module.core.nav_controller] - 初始化核心控制器...
[2026-05-20 15:55:52] [INFO] [config.config_loader] - 已安全从环境变量加载高德地图 API Key
[2026-05-20 15:55:52] [INFO] [config.config_loader] - 系统配置文件加载成功
[2026-05-20 15:55:52] [ERROR] [sensors.gnss.serial_reader] - 无法打开串口 COM4
[2026-05-20 15:55:52] [INFO] [config.config_loader] - 已安全从环境变量加载高德地图 API Key
[2026-05-20 15:55:52] [INFO] [config.config_loader] - 系统配置文件加载成功
[2026-05-20 15:55:52] [INFO] [config.config_loader] - 已安全从环境变量加载高德地图 API Key
[2026-05-20 15:55:52] [INFO] [config.config_loader] - 系统配置文件加载成功
[2026-05-20 15:55:52] [INFO] [AssistantGlasses.navigation_module.core.nav_controller] - 导航后台线程已启动
[2026-05-20 15:57:46] [INFO] [AssistantGlasses.navigation_module.core.nav_controller] - 初始化核心控制器...
[2026-05-20 15:57:46] [INFO] [config.config_loader] - 已安全从环境变量加载高德地图 API Key
[2026-05-20 15:57:46] [INFO] [config.config_loader] - 系统配置文件加载成功
[2026-05-20 15:57:46] [ERROR] [sensors.gnss.serial_reader] - 无法打开串口 COM4
[2026-05-20 15:57:46] [INFO] [config.config_loader] - 已安全从环境变量加载高德地图 API Key
[2026-05-20 15:57:46] [INFO] [config.config_loader] - 系统配置文件加载成功
[2026-05-20 15:57:46] [INFO] [config.config_loader] - 已安全从环境变量加载高德地图 API Key
[2026-05-20 15:57:46] [INFO] [config.config_loader] - 系统配置文件加载成功
[2026-05-20 15:57:46] [INFO] [AssistantGlasses.navigation_module.core.nav_controller] - 导航后台线程已启动
[2026-06-07 19:02:04] [INFO] [core.nav_controller] - 初始化核心控制器…
[2026-06-07 19:02:04] [INFO] [config.config_loader] - 已安全从环境变量加载高德地图 API Key
[2026-06-07 19:02:04] [INFO] [config.config_loader] - 系统配置文件加载成功
[2026-06-07 19:02:04] [ERROR] [sensors.gnss.serial_reader] - 无法打开串口 COM6
[2026-06-07 19:02:04] [INFO] [config.config_loader] - 已安全从环境变量加载高德地图 API Key
[2026-06-07 19:02:04] [INFO] [config.config_loader] - 系统配置文件加载成功
[2026-06-07 19:02:04] [INFO] [config.config_loader] - 已安全从环境变量加载高德地图 API Key
[2026-06-07 19:02:04] [INFO] [config.config_loader] - 系统配置文件加载成功
[2026-06-07 19:02:04] [INFO] [core.nav_controller] - 导航后台线程已启动
[2026-06-07 19:03:03] [INFO] [algo.fusion.linear_kalman] - 卡尔曼滤波器已初始化: 投影原点 (116.169924, 39.731200)
[2026-06-07 19:03:14] [INFO] [core.nav_controller] - 状态 → PLANNING: 目标 '良乡烈士陵园'
[2026-06-07 19:03:14] [INFO] [core.nav_controller] - 向高德请求 '良乡烈士陵园' 的坐标和步行路线…
[2026-06-07 19:03:15] [INFO] [core.nav_controller] - 状态 → NAVIGATING，共 3 步，总距离 583 米
[2026-06-07 19:03:49] [INFO] [core.nav_controller] - 距离播报: 还有 500 米
[2026-06-07 19:04:11] [INFO] [core.nav_controller] - 距离播报: 还有 400 米
[2026-06-07 19:05:09] [INFO] [core.nav_controller] - 步骤推进 → 第 2 / 3 步
[2026-06-07 19:05:09] [INFO] [core.nav_controller] - 距离播报: 还有 300 米
[2026-06-07 19:06:11] [INFO] [core.nav_controller] - 距离播报: 还有 200 米
[2026-06-07 19:06:28] [INFO] [core.nav_controller] - 距离播报: 还有 100 米
[2026-06-07 19:06:28] [INFO] [core.nav_controller] - 距离播报: 还有 50 米
[2026-06-12 20:20:40] [INFO] [core.nav_controller] - 初始化核心控制器…
[2026-06-12 20:20:40] [INFO] [config.config_loader] - 已安全从环境变量加载高德地图 API Key
[2026-06-12 20:20:40] [INFO] [config.config_loader] - 系统配置文件加载成功
[2026-06-12 20:20:40] [ERROR] [sensors.gnss.serial_reader] - 无法打开串口 COM6
[2026-06-12 20:20:40] [INFO] [core.nav_controller] - 导航后台线程已启动
[2026-06-12 20:20:45] [INFO] [sensors.gnss.serial_reader] - 尝试重新连接 GNSS 模块 COM6 …
[2026-06-12 20:20:45] [ERROR] [sensors.gnss.serial_reader] - 无法打开串口 COM6
[2026-06-12 20:20:50] [INFO] [sensors.gnss.serial_reader] - 尝试重新连接 GNSS 模块 COM6 …
[2026-06-12 20:20:50] [ERROR] [sensors.gnss.serial_reader] - 无法打开串口 COM6
[2026-06-12 20:20:55] [INFO] [sensors.gnss.serial_reader] - 尝试重新连接 GNSS 模块 COM6 …
[2026-06-12 20:20:55] [ERROR] [sensors.gnss.serial_reader] - 无法打开串口 COM6
[2026-06-12 20:21:00] [INFO] [sensors.gnss.serial_reader] - 尝试重新连接 GNSS 模块 COM6 …
[2026-06-12 20:21:00] [ERROR] [sensors.gnss.serial_reader] - 无法打开串口 COM6
[2026-06-12 20:21:05] [INFO] [sensors.gnss.serial_reader] - 尝试重新连接 GNSS 模块 COM6 …
[2026-06-12 20:21:05] [ERROR] [sensors.gnss.serial_reader] - 无法打开串口 COM6
[2026-06-12 20:21:10] [INFO] [sensors.gnss.serial_reader] - 尝试重新连接 GNSS 模块 COM6 …
[2026-06-12 20:21:10] [ERROR] [sensors.gnss.serial_reader] - 无法打开串口 COM6
[2026-06-12 20:21:15] [INFO] [sensors.gnss.serial_reader] - 尝试重新连接 GNSS 模块 COM6 …
[2026-06-12 20:21:15] [ERROR] [sensors.gnss.serial_reader] - 无法打开串口 COM6
[2026-06-12 20:21:20] [INFO] [sensors.gnss.serial_reader] - 尝试重新连接 GNSS 模块 COM6 …
[2026-06-12 20:21:20] [ERROR] [sensors.gnss.serial_reader] - 无法打开串口 COM6
[2026-06-12 20:21:25] [INFO] [sensors.gnss.serial_reader] - 尝试重新连接 GNSS 模块 COM6 …
[2026-06-12 20:21:25] [ERROR] [sensors.gnss.serial_reader] - 无法打开串口 COM6
[2026-06-12 20:21:30] [INFO] [sensors.gnss.serial_reader] - 尝试重新连接 GNSS 模块 COM6 …
[2026-06-12 20:21:30] [ERROR] [sensors.gnss.serial_reader] - 无法打开串口 COM6
[2026-06-12 20:21:35] [INFO] [sensors.gnss.serial_reader] - 尝试重新连接 GNSS 模块 COM6 …
[2026-06-12 20:21:35] [ERROR] [sensors.gnss.serial_reader] - 无法打开串口 COM6
[2026-06-12 20:21:49] [INFO] [core.nav_controller] - 初始化核心控制器…
[2026-06-12 20:21:49] [INFO] [config.config_loader] - 已安全从环境变量加载高德地图 API Key
[2026-06-12 20:21:49] [INFO] [config.config_loader] - 系统配置文件加载成功
[2026-06-12 20:21:49] [INFO] [sensors.gnss.serial_reader] - 成功连接至 GNSS 模块: COM9 @ 38400bps
[2026-06-12 20:21:49] [INFO] [core.nav_controller] - 导航后台线程已启动
[2026-06-12 20:26:58] [INFO] [core.nav_controller] - 初始化核心控制器…
[2026-06-12 20:26:58] [INFO] [config.config_loader] - 已安全从环境变量加载高德地图 API Key
[2026-06-12 20:26:58] [INFO] [config.config_loader] - 系统配置文件加载成功
[2026-06-12 20:26:58] [INFO] [sensors.gnss.serial_reader] - 成功连接至 GNSS 模块: COM9 @ 38400bps
[2026-06-12 20:26:58] [INFO] [core.nav_controller] - 导航后台线程已启动
[2026-06-12 20:26:59] [INFO] [algo.fusion.linear_kalman] - 卡尔曼滤波器已初始化: 投影原点 (116.165838, 39.728948)
[2026-06-12 20:27:11] [INFO] [core.nav_controller] - 状态 → PLANNING: 目标 '良乡烈士陵园'
[2026-06-12 20:27:11] [INFO] [core.nav_controller] - 向高德请求 '良乡烈士陵园' 的坐标和步行路线…
[2026-06-12 20:27:13] [INFO] [core.nav_controller] - 状态 → NAVIGATING，共 6 步，总距离 878 米
[2026-06-12 20:36:33] [INFO] [core.nav_controller] - 初始化核心控制器…
[2026-06-12 20:36:33] [INFO] [config.config_loader] - 已安全从环境变量加载高德地图 API Key
[2026-06-12 20:36:33] [INFO] [config.config_loader] - 系统配置文件加载成功
[2026-06-12 20:36:33] [ERROR] [sensors.gnss.serial_reader] - 无法打开串口 COM9
[2026-06-12 20:36:33] [INFO] [core.nav_controller] - 导航后台线程已启动
[2026-06-12 20:36:38] [INFO] [sensors.gnss.serial_reader] - 尝试重新连接 GNSS 模块 COM9 …
[2026-06-12 20:36:38] [ERROR] [sensors.gnss.serial_reader] - 无法打开串口 COM9
[2026-06-12 20:36:43] [INFO] [sensors.gnss.serial_reader] - 尝试重新连接 GNSS 模块 COM9 …
[2026-06-12 20:36:43] [ERROR] [sensors.gnss.serial_reader] - 无法打开串口 COM9
[2026-06-12 20:36:48] [INFO] [sensors.gnss.serial_reader] - 串口已安全关闭
[2026-06-12 20:36:48] [INFO] [core.nav_controller] - 控制器已安全释放资源
[2026-06-12 20:36:48] [INFO] [sensors.gnss.serial_reader] - 尝试重新连接 GNSS 模块 COM9 …
[2026-06-12 20:36:48] [INFO] [sensors.gnss.serial_reader] - 成功连接至 GNSS 模块: COM9 @ 38400bps
[2026-06-12 20:36:49] [INFO] [algo.fusion.linear_kalman] - 卡尔曼滤波器已初始化: 投影原点 (116.165731, 39.728978)
[2026-06-12 20:40:06] [INFO] [core.nav_controller] - 初始化核心控制器…
[2026-06-12 20:40:06] [INFO] [config.config_loader] - 已安全从环境变量加载高德地图 API Key
[2026-06-12 20:40:06] [INFO] [config.config_loader] - 系统配置文件加载成功
[2026-06-12 20:40:06] [INFO] [sensors.gnss.serial_reader] - 成功连接至 GNSS 模块: COM9 @ 38400bps
[2026-06-12 20:40:06] [INFO] [core.nav_controller] - 导航后台线程已启动
[2026-06-12 20:40:06] [INFO] [algo.fusion.linear_kalman] - 卡尔曼滤波器已初始化: 投影原点 (116.165712, 39.728977)
[2026-06-12 20:40:54] [INFO] [sensors.gnss.serial_reader] - 串口已安全关闭
[2026-06-12 20:40:54] [INFO] [core.nav_controller] - 控制器已安全释放资源
[2026-06-12 20:41:04] [INFO] [core.nav_controller] - 初始化核心控制器…
[2026-06-12 20:41:04] [INFO] [config.config_loader] - 已安全从环境变量加载高德地图 API Key
[2026-06-12 20:41:04] [INFO] [config.config_loader] - 系统配置文件加载成功
[2026-06-12 20:41:04] [INFO] [sensors.gnss.serial_reader] - 成功连接至 GNSS 模块: COM9 @ 38400bps
[2026-06-12 20:41:04] [INFO] [core.nav_controller] - 导航后台线程已启动
[2026-06-12 20:41:05] [INFO] [algo.fusion.linear_kalman] - 卡尔曼滤波器已初始化: 投影原点 (116.165706, 39.728994)
[2026-06-12 20:41:16] [INFO] [core.nav_controller] - 状态 → PLANNING: 目标 '良乡烈士陵园'
[2026-06-12 20:41:16] [INFO] [core.nav_controller] - 向高德请求 '良乡烈士陵园' 的坐标和步行路线…
[2026-06-12 20:41:17] [INFO] [core.nav_controller] - 状态 → NAVIGATING，共 6 步，总距离 876 米
[2026-06-12 20:52:13] [ERROR] [sensors.gnss.serial_reader] - 读取数据时串口断开: ClearCommError failed (OSError(9, '句柄无效。', None, 6))
[2026-06-12 20:52:13] [INFO] [sensors.gnss.serial_reader] - 串口已安全关闭
[2026-06-12 20:52:13] [INFO] [core.nav_controller] - 控制器已安全释放资源
[2026-06-12 20:52:21] [INFO] [core.nav_controller] - 初始化核心控制器…
[2026-06-12 20:52:21] [INFO] [config.config_loader] - 已安全从环境变量加载高德地图 API Key
[2026-06-12 20:52:21] [INFO] [config.config_loader] - 系统配置文件加载成功
[2026-06-12 20:52:21] [INFO] [sensors.gnss.serial_reader] - 成功连接至 GNSS 模块: COM9 @ 38400bps
[2026-06-12 20:52:21] [INFO] [core.nav_controller] - 导航后台线程已启动
[2026-06-12 20:52:21] [INFO] [algo.fusion.linear_kalman] - 卡尔曼滤波器已初始化: 投影原点 (116.165652, 39.729023)
[2026-06-12 20:52:29] [INFO] [core.nav_controller] - 状态 → PLANNING: 目标 '良乡烈士陵园'
[2026-06-12 20:52:29] [INFO] [core.nav_controller] - 向高德请求 '良乡烈士陵园' 的坐标和步行路线…
[2026-06-12 20:52:29] [INFO] [core.nav_controller] - 状态 → NAVIGATING，共 5 步，总距离 797 米
[2026-06-12 20:55:28] [ERROR] [sensors.gnss.serial_reader] - 读取数据时串口断开: ClearCommError failed (OSError(9, '句柄无效。', None, 6))
[2026-06-12 20:55:28] [INFO] [sensors.gnss.serial_reader] - 串口已安全关闭
[2026-06-12 20:55:28] [INFO] [core.nav_controller] - 控制器已安全释放资源
[2026-06-12 20:56:08] [INFO] [core.nav_controller] - 初始化核心控制器…
[2026-06-12 20:56:08] [INFO] [config.config_loader] - 已安全从环境变量加载高德地图 API Key
[2026-06-12 20:56:08] [INFO] [config.config_loader] - 系统配置文件加载成功
[2026-06-12 20:56:08] [INFO] [sensors.gnss.serial_reader] - 成功连接至 GNSS 模块: COM9 @ 38400bps
[2026-06-12 20:56:08] [INFO] [core.nav_controller] - 导航后台线程已启动
[2026-06-12 20:56:08] [INFO] [algo.fusion.linear_kalman] - 卡尔曼滤波器已初始化: 投影原点 (116.165554, 39.729030)
[2026-06-12 20:56:16] [INFO] [core.nav_controller] - 状态 → PLANNING: 目标 '良乡烈士陵园'
[2026-06-12 20:56:16] [INFO] [core.nav_controller] - 向高德请求 '良乡烈士陵园' 的坐标和步行路线…
[2026-06-12 20:56:16] [INFO] [core.nav_controller] - 状态 → NAVIGATING，共 5 步，总距离 788 米
[2026-06-12 21:01:54] [INFO] [core.nav_controller] - 目的地变更 → PLANNING: '停止'
[2026-06-12 21:01:54] [INFO] [core.nav_controller] - 向高德请求 '停止' 的坐标和步行路线…
[2026-06-12 21:01:55] [WARNING] [services.amap_provider] - 路径规划失败: OVER_DIRECTION_RANGE
[2026-06-12 21:01:55] [ERROR] [core.nav_controller] - 步行路径规划失败
[2026-06-12 21:02:23] [INFO] [core.nav_controller] - 状态 → PLANNING: 目标 '北理工良乡校区工训楼'
[2026-06-12 21:02:23] [INFO] [core.nav_controller] - 向高德请求 '北理工良乡校区工训楼' 的坐标和步行路线…
[2026-06-12 21:02:24] [INFO] [core.nav_controller] - 状态 → NAVIGATING，共 38 步，总距离 38312 米
[2026-06-12 21:03:06] [INFO] [core.nav_controller] - 目的地变更 → PLANNING: '北京理工大学良乡校区工训楼'
[2026-06-12 21:03:06] [INFO] [core.nav_controller] - 向高德请求 '北京理工大学良乡校区工训楼' 的坐标和步行路线…
[2026-06-12 21:03:07] [INFO] [core.nav_controller] - 状态 → NAVIGATING，共 5 步，总距离 607 米
[2026-06-12 21:10:21] [INFO] [core.nav_controller] - 距离播报: 还有 600 米
[2026-06-12 21:10:33] [INFO] [core.nav_controller] - 步骤推进 → 第 2 / 5 步
[2026-06-12 21:12:09] [INFO] [sensors.gnss.serial_reader] - 串口已安全关闭
[2026-06-12 21:12:09] [INFO] [core.nav_controller] - 控制器已安全释放资源
[2026-06-12 21:12:13] [INFO] [core.nav_controller] - 初始化核心控制器…
[2026-06-12 21:12:13] [INFO] [config.config_loader] - 已安全从环境变量加载高德地图 API Key
[2026-06-12 21:12:13] [INFO] [config.config_loader] - 系统配置文件加载成功
[2026-06-12 21:12:13] [INFO] [sensors.gnss.serial_reader] - 成功连接至 GNSS 模块: COM9 @ 38400bps
[2026-06-12 21:12:13] [INFO] [core.nav_controller] - 导航后台线程已启动
[2026-06-12 21:12:13] [INFO] [algo.fusion.linear_kalman] - 卡尔曼滤波器已初始化: 投影原点 (116.165600, 39.729413)
[2026-06-12 21:12:32] [INFO] [core.nav_controller] - 状态 → PLANNING: 目标 '北'
[2026-06-12 21:12:32] [INFO] [core.nav_controller] - 向高德请求 '北' 的坐标和步行路线…
[2026-06-12 21:12:33] [WARNING] [services.amap_provider] - 无法找到地址 '北' 的坐标: ENGINE_RESPONSE_DATA_ERROR
[2026-06-12 21:12:33] [ERROR] [core.nav_controller] - 找不到地点: '北'
[2026-06-12 21:13:11] [INFO] [core.nav_controller] - 状态 → PLANNING: 目标 '北京理工大学良乡校区工训楼'
[2026-06-12 21:13:11] [INFO] [core.nav_controller] - 向高德请求 '北京理工大学良乡校区工训楼' 的坐标和步行路线…
[2026-06-12 21:13:11] [INFO] [core.nav_controller] - 状态 → NAVIGATING，共 5 步，总距离 615 米
[2026-06-12 21:13:45] [INFO] [core.nav_controller] - 距离播报: 还有 600 米
[2026-06-12 21:14:05] [INFO] [core.nav_controller] - 步骤推进 → 第 2 / 5 步
[2026-06-12 21:15:34] [INFO] [core.nav_controller] - 距离播报: 还有 500 米
[2026-06-12 21:17:04] [INFO] [core.nav_controller] - 距离播报: 还有 400 米
[2026-06-12 21:17:51] [INFO] [core.nav_controller] - 步骤推进 → 第 3 / 5 步
[2026-06-12 21:18:31] [INFO] [core.nav_controller] - 步骤推进 → 第 4 / 5 步
[2026-06-12 21:18:31] [INFO] [core.nav_controller] - 距离播报: 还有 300 米
[2026-06-12 21:20:00] [INFO] [core.nav_controller] - 距离播报: 还有 200 米
[2026-06-12 21:21:30] [INFO] [core.nav_controller] - 距离播报: 还有 100 米
[2026-06-12 21:21:39] [INFO] [core.nav_controller] - 步骤推进 → 第 5 / 5 步
[2026-06-12 21:22:12] [INFO] [core.nav_controller] - 距离播报: 还有 50 米
[2026-06-12 21:24:23] [INFO] [core.nav_controller] - 距离播报: 还有 10 米
[2026-06-12 21:32:24] [INFO] [core.nav_controller] - 目的地变更 → PLANNING: '停止'
[2026-06-12 21:32:24] [INFO] [core.nav_controller] - 向高德请求 '停止' 的坐标和步行路线…
[2026-06-12 21:32:25] [WARNING] [services.amap_provider] - 路径规划失败: OVER_DIRECTION_RANGE
[2026-06-12 21:32:25] [ERROR] [core.nav_controller] - 步行路径规划失败
[2026-06-12 21:32:43] [INFO] [core.nav_controller] - 状态 → PLANNING: 目标 '北京理工大学良乡校区南校区北门'
[2026-06-12 21:32:43] [INFO] [core.nav_controller] - 向高德请求 '北京理工大学良乡校区南校区北门' 的坐标和步行路线…
[2026-06-12 21:32:44] [INFO] [core.nav_controller] - 状态 → NAVIGATING，共 3 步，总距离 849 米
[2026-06-12 21:32:44] [INFO] [core.nav_controller] - 距离播报: 还有 800 米
[2026-06-12 21:34:25] [INFO] [core.nav_controller] - 目的地变更 → PLANNING: '停止'
[2026-06-12 21:34:25] [INFO] [core.nav_controller] - 向高德请求 '停止' 的坐标和步行路线…
[2026-06-12 21:34:26] [WARNING] [services.amap_provider] - 路径规划失败: OVER_DIRECTION_RANGE
[2026-06-12 21:34:26] [ERROR] [core.nav_controller] - 步行路径规划失败
[2026-06-12 21:34:38] [INFO] [core.nav_controller] - 状态 → PLANNING: 目标 '北京理工大学良乡校区南门'
[2026-06-12 21:34:39] [INFO] [core.nav_controller] - 向高德请求 '北京理工大学良乡校区南门' 的坐标和步行路线…
[2026-06-12 21:34:40] [INFO] [core.nav_controller] - 状态 → NAVIGATING，共 3 步，总距离 602 米
[2026-06-12 21:34:40] [INFO] [core.nav_controller] - 距离播报: 还有 600 米
[2026-06-12 21:35:12] [INFO] [core.nav_controller] - 目的地变更 → PLANNING: '停止'
[2026-06-12 21:35:12] [INFO] [core.nav_controller] - 向高德请求 '停止' 的坐标和步行路线…
[2026-06-12 21:35:13] [WARNING] [services.amap_provider] - 路径规划失败: OVER_DIRECTION_RANGE
[2026-06-12 21:35:13] [ERROR] [core.nav_controller] - 步行路径规划失败
[2026-06-12 21:36:11] [INFO] [core.nav_controller] - 状态 → PLANNING: 目标 '北京理工大学良乡校区南校区北门'
[2026-06-12 21:36:11] [INFO] [core.nav_controller] - 向高德请求 '北京理工大学良乡校区南校区北门' 的坐标和步行路线…
[2026-06-12 21:36:12] [INFO] [core.nav_controller] - 状态 → NAVIGATING，共 3 步，总距离 856 米
[2026-06-12 21:36:12] [INFO] [core.nav_controller] - 距离播报: 还有 800 米
[2026-06-12 21:38:06] [INFO] [core.nav_controller] - 目的地变更 → PLANNING: '停止'
[2026-06-12 21:38:06] [INFO] [core.nav_controller] - 向高德请求 '停止' 的坐标和步行路线…
[2026-06-12 21:38:07] [WARNING] [services.amap_provider] - 路径规划失败: OVER_DIRECTION_RANGE
[2026-06-12 21:38:07] [ERROR] [core.nav_controller] - 步行路径规划失败
[2026-06-12 21:38:19] [INFO] [core.nav_controller] - 状态 → PLANNING: 目标 '北京理工大学良乡校区南校区'
[2026-06-12 21:38:19] [INFO] [core.nav_controller] - 向高德请求 '北京理工大学良乡校区南校区' 的坐标和步行路线…
[2026-06-12 21:38:20] [INFO] [core.nav_controller] - 状态 → NAVIGATING，共 5 步，总距离 698 米
[2026-06-12 21:38:23] [INFO] [core.nav_controller] - 目的地变更 → PLANNING: '停止'
[2026-06-12 21:38:23] [INFO] [core.nav_controller] - 向高德请求 '停止' 的坐标和步行路线…
[2026-06-12 21:38:24] [WARNING] [services.amap_provider] - 路径规划失败: OVER_DIRECTION_RANGE
[2026-06-12 21:38:24] [ERROR] [core.nav_controller] - 步行路径规划失败
[2026-06-12 21:38:40] [INFO] [core.nav_controller] - 状态 → PLANNING: 目标 '北京理工大学良乡校区南校区北门'
[2026-06-12 21:38:40] [INFO] [core.nav_controller] - 向高德请求 '北京理工大学良乡校区南校区北门' 的坐标和步行路线…
[2026-06-12 21:38:41] [INFO] [core.nav_controller] - 状态 → NAVIGATING，共 5 步，总距离 909 米
[2026-06-12 21:38:56] [ERROR] [sensors.gnss.serial_reader] - 读取数据时串口断开: ClearCommError failed (OSError(9, '句柄无效。', None, 6))
[2026-06-12 21:38:56] [INFO] [sensors.gnss.serial_reader] - 串口已安全关闭
[2026-06-12 21:38:56] [INFO] [core.nav_controller] - 控制器已安全释放资源
[2026-06-12 21:38:56] [INFO] [sensors.gnss.serial_reader] - 尝试重新连接 GNSS 模块 COM9 …
[2026-06-12 21:39:02] [INFO] [core.nav_controller] - 初始化核心控制器…
[2026-06-12 21:39:02] [INFO] [config.config_loader] - 已安全从环境变量加载高德地图 API Key
[2026-06-12 21:39:02] [INFO] [config.config_loader] - 系统配置文件加载成功
[2026-06-12 21:39:02] [INFO] [sensors.gnss.serial_reader] - 成功连接至 GNSS 模块: COM9 @ 38400bps
[2026-06-12 21:39:02] [INFO] [core.nav_controller] - 导航后台线程已启动
[2026-06-12 21:39:03] [INFO] [algo.fusion.linear_kalman] - 卡尔曼滤波器已初始化: 投影原点 (116.168447, 39.724674)
[2026-06-12 21:39:17] [INFO] [core.nav_controller] - 状态 → PLANNING: 目标 '北京理工大学良乡校区南校区北门'
[2026-06-12 21:39:17] [INFO] [core.nav_controller] - 向高德请求 '北京理工大学良乡校区南校区北门' 的坐标和步行路线…
[2026-06-12 21:39:18] [INFO] [core.nav_controller] - 状态 → NAVIGATING，共 5 步，总距离 907 米
[2026-06-12 21:40:27] [INFO] [core.nav_controller] - 步骤推进 → 第 2 / 5 步
[2026-06-12 21:40:33] [ERROR] [sensors.gnss.serial_reader] - 读取数据时串口断开: ClearCommError failed (PermissionError(13, '拒绝访问。', None, 5))
[2026-06-12 21:40:33] [INFO] [sensors.gnss.serial_reader] - 尝试重新连接 GNSS 模块 COM9 …
[2026-06-12 21:40:33] [ERROR] [sensors.gnss.serial_reader] - 无法打开串口 COM9
[2026-06-12 21:40:38] [INFO] [sensors.gnss.serial_reader] - 尝试重新连接 GNSS 模块 COM9 …
[2026-06-12 21:40:38] [INFO] [sensors.gnss.serial_reader] - 成功连接至 GNSS 模块: COM9 @ 38400bps
[2026-06-12 21:41:23] [INFO] [core.nav_controller] - 距离播报: 还有 800 米
[2026-06-12 21:42:46] [INFO] [core.nav_controller] - 步骤推进 → 第 3 / 5 步
[2026-06-12 21:42:46] [INFO] [core.nav_controller] - 距离播报: 还有 700 米
[2026-06-12 21:44:03] [INFO] [core.nav_controller] - 距离播报: 还有 600 米
[2026-06-12 21:45:26] [INFO] [core.nav_controller] - 距离播报: 还有 500 米
[2026-06-12 21:45:33] [INFO] [core.nav_controller] - 步骤推进 → 第 4 / 5 步
[2026-06-12 21:46:59] [INFO] [core.nav_controller] - 距离播报: 还有 400 米
[2026-06-12 21:48:25] [INFO] [core.nav_controller] - 距离播报: 还有 300 米
[2026-06-12 21:54:19] [INFO] [sensors.gnss.serial_reader] - 串口已安全关闭
[2026-06-12 21:54:19] [INFO] [core.nav_controller] - 控制器已安全释放资源
